// Jest Snapshot v1, https://goo.gl/fbAQLP

exports[`Checkbox component should be able to disable 1`] = `
<div>
  <div
    class="sc-iCfMLu hqxfSB"
  >
    <div
      class="sc-furwcr iuZtmL"
    >
      <input
        aria-describedby="checkbox-1-description"
        class="sc-bdvvtL hNbpzH"
        data-testid="test-checkbox"
        disabled=""
        id="checkbox-1"
        type="checkbox"
      />
    </div>
    <div
      class="sc-pVTFL EWVqI"
    >
      <label
        class="sc-gsDKAQ sc-hKwDye iTQrPj gLBWHH"
        for="checkbox-1"
        id="checkbox-1-label"
      >
        Checkbox Label
      </label>
      <p
        class="sc-eCImPb sc-gKclnd hihGzD egGlih"
        id="checkbox-1-description"
      >
        Checkbox Description
      </p>
    </div>
  </div>
</div>
`;

exports[`Checkbox component should render a checkbox component, passing all extra properties to the input element 1`] = `
<input
  class="sc-bdvvtL hNbpzH"
  data-testid="test-checkbox"
  id="checkbox-1"
  type="checkbox"
/>
`;

exports[`Checkbox component should render a description if specified 1`] = `
<p
  class="sc-eCImPb sc-jRQBWg hihGzD bXyiI"
  id="test-checkbox-description"
>
  Checkbox Description
</p>
`;

exports[`Checkbox component should render a label for the input 1`] = `
<label
  class="sc-gsDKAQ sc-dkPtRN iTQrPj BayBM"
  for="test-checkbox"
  id="test-checkbox-label"
>
  Checkbox Label
</label>
`;
