// Jest Snapshot v1, https://goo.gl/fbAQLP

exports[`Checkbox component should be able to disable 1`] = `
<div>
  <div
    class="CheckboxStyles__OuterWrapper-sc-aqujzc-7 WrQcv"
  >
    <div
      class="CheckboxStyles__InputWrapper-sc-aqujzc-8 jzpKC"
    >
      <input
        aria-describedby="checkbox-3-description"
        class="CheckboxStyles__Input-sc-aqujzc-0 chpdNc"
        data-testid="test-checkbox"
        disabled=""
        id="checkbox-3"
        type="checkbox"
      />
    </div>
    <div
      class="CheckboxStyles__LabelWrapper-sc-aqujzc-9 ejrbED"
    >
      <label
        class="CheckboxStyles__BaseLabel-sc-aqujzc-1 CheckboxStyles__DisabledLabel-sc-aqujzc-3 cWXsqN gJdnVJ"
        for="checkbox-3"
        id="checkbox-3-label"
      >
        Checkbox Label
      </label>
      <p
        class="CheckboxStyles__BaseDescription-sc-aqujzc-4 CheckboxStyles__DisabledDescription-sc-aqujzc-6 eWgfRz fXHgTz"
        id="checkbox-3-description"
      >
        Checkbox Description
      </p>
    </div>
  </div>
</div>
`;

exports[`Checkbox component should render a checkbox component, passing all extra properties to the input element 1`] = `
<input
  class="CheckboxStyles__Input-sc-aqujzc-0 chpdNc"
  data-testid="test-checkbox"
  id="checkbox-1"
  type="checkbox"
/>
`;

exports[`Checkbox component should render a description if specified 1`] = `
<p
  class="CheckboxStyles__BaseDescription-sc-aqujzc-4 CheckboxStyles__EnabledDescription-sc-aqujzc-5 eWgfRz jUxaFG"
  id="test-checkbox-description"
>
  Checkbox Description
</p>
`;

exports[`Checkbox component should render a label for the input 1`] = `
<label
  class="CheckboxStyles__BaseLabel-sc-aqujzc-1 CheckboxStyles__EnabledLabel-sc-aqujzc-2 cWXsqN gnGvtB"
  for="test-checkbox"
  id="test-checkbox-label"
>
  Checkbox Label
</label>
`;
