// Jest Snapshot v1, https://goo.gl/fbAQLP

exports[`ColorGridRow should render a single ColorGridRow 1`] = `
<div>
  <div
    class="sc-gsDKAQ gflVCz"
  >
    <div
      class="sc-bdvvtL eobXmq"
    >
      Blue
    </div>
    <div
      class="sc-bdvvtL bqAZgX"
    >
       
    </div>
    <div
      class="sc-bdvvtL ckpPKe"
    >
       
    </div>
    <div
      class="sc-bdvvtL fQeGgs"
    >
       
    </div>
    <div
      class="sc-bdvvtL ioNyfl"
    >
       
    </div>
    <div
      class="sc-bdvvtL corYXh"
    >
       
    </div>
    <div
      class="sc-bdvvtL brgbQE"
    >
       
    </div>
    <div
      class="sc-bdvvtL iALeAY"
    >
       
    </div>
    <div
      class="sc-bdvvtL bDyhHd"
    >
       
    </div>
    <div
      class="sc-bdvvtL VUXhZ"
    >
       
    </div>
  </div>
</div>
`;
