// Jest Snapshot v1, https://goo.gl/fbAQLP

exports[`ColorGrid should render a ColorGrid, a collection of ColorGridRows 1`] = `
<div>
  <section
    class="ColorGrid__Wrapper-sc-am05eg-0 eIHNMA"
  >
    <div
      class="ColorGridRow__GridWrapper-sc-52zaxc-1 XIwEi"
    >
      <div
        class="ColorGridRow__Shader-sc-52zaxc-0 gBspfM"
      >
        Primary
      </div>
      <div
        class="ColorGridRow__Shader-sc-52zaxc-0 fRbkCG"
      >
         
      </div>
      <div
        class="ColorGridRow__Shader-sc-52zaxc-0 kfDsSv"
      >
         
      </div>
      <div
        class="ColorGridRow__Shader-sc-52zaxc-0 kuwSlW"
      >
         
      </div>
      <div
        class="ColorGridRow__Shader-sc-52zaxc-0 iKBraq"
      >
         
      </div>
      <div
        class="ColorGridRow__Shader-sc-52zaxc-0 dAgdAF"
      >
         
      </div>
      <div
        class="ColorGridRow__Shader-sc-52zaxc-0 jMrTBv"
      >
         
      </div>
      <div
        class="ColorGridRow__Shader-sc-52zaxc-0 fGVYMx"
      >
         
      </div>
      <div
        class="ColorGridRow__Shader-sc-52zaxc-0 kOZnQw"
      >
         
      </div>
      <div
        class="ColorGridRow__Shader-sc-52zaxc-0 bTmSvw"
      >
         
      </div>
    </div>
    <div
      class="ColorGridRow__GridWrapper-sc-52zaxc-1 XIwEi"
    >
      <div
        class="ColorGridRow__Shader-sc-52zaxc-0 cyMXGn"
      >
        Teal
      </div>
      <div
        class="ColorGridRow__Shader-sc-52zaxc-0 hPWPaP"
      >
         
      </div>
      <div
        class="ColorGridRow__Shader-sc-52zaxc-0 hwUFIs"
      >
         
      </div>
      <div
        class="ColorGridRow__Shader-sc-52zaxc-0 gRyLoA"
      >
         
      </div>
      <div
        class="ColorGridRow__Shader-sc-52zaxc-0 conpuy"
      >
         
      </div>
      <div
        class="ColorGridRow__Shader-sc-52zaxc-0 dFWuVo"
      >
         
      </div>
      <div
        class="ColorGridRow__Shader-sc-52zaxc-0 fprHdY"
      >
         
      </div>
      <div
        class="ColorGridRow__Shader-sc-52zaxc-0 fDhgrc"
      >
         
      </div>
      <div
        class="ColorGridRow__Shader-sc-52zaxc-0 kAZKhC"
      >
         
      </div>
      <div
        class="ColorGridRow__Shader-sc-52zaxc-0 giBmOJ"
      >
         
      </div>
    </div>
    <div
      class="ColorGridRow__GridWrapper-sc-52zaxc-1 XIwEi"
    >
      <div
        class="ColorGridRow__Shader-sc-52zaxc-0 igNCCE"
      >
        Green
      </div>
      <div
        class="ColorGridRow__Shader-sc-52zaxc-0 fWzubD"
      >
         
      </div>
      <div
        class="ColorGridRow__Shader-sc-52zaxc-0 cDYlYt"
      >
         
      </div>
      <div
        class="ColorGridRow__Shader-sc-52zaxc-0 buXFEE"
      >
         
      </div>
      <div
        class="ColorGridRow__Shader-sc-52zaxc-0 ilkQma"
      >
         
      </div>
      <div
        class="ColorGridRow__Shader-sc-52zaxc-0 guSLZM"
      >
         
      </div>
      <div
        class="ColorGridRow__Shader-sc-52zaxc-0 jalbVh"
      >
         
      </div>
      <div
        class="ColorGridRow__Shader-sc-52zaxc-0 UQElr"
      >
         
      </div>
      <div
        class="ColorGridRow__Shader-sc-52zaxc-0 iktYzb"
      >
         
      </div>
      <div
        class="ColorGridRow__Shader-sc-52zaxc-0 gMZosx"
      >
         
      </div>
    </div>
    <div
      class="ColorGridRow__GridWrapper-sc-52zaxc-1 XIwEi"
    >
      <div
        class="ColorGridRow__Shader-sc-52zaxc-0 gjwwCp"
      >
        Blue
      </div>
      <div
        class="ColorGridRow__Shader-sc-52zaxc-0 jIkrIE"
      >
         
      </div>
      <div
        class="ColorGridRow__Shader-sc-52zaxc-0 kBeRkZ"
      >
         
      </div>
      <div
        class="ColorGridRow__Shader-sc-52zaxc-0 jkUHsn"
      >
         
      </div>
      <div
        class="ColorGridRow__Shader-sc-52zaxc-0 idPTQO"
      >
         
      </div>
      <div
        class="ColorGridRow__Shader-sc-52zaxc-0 eQyfom"
      >
         
      </div>
      <div
        class="ColorGridRow__Shader-sc-52zaxc-0 bYkApT"
      >
         
      </div>
      <div
        class="ColorGridRow__Shader-sc-52zaxc-0 kXVknr"
      >
         
      </div>
      <div
        class="ColorGridRow__Shader-sc-52zaxc-0 fMznbK"
      >
         
      </div>
      <div
        class="ColorGridRow__Shader-sc-52zaxc-0 daaLyq"
      >
         
      </div>
    </div>
    <div
      class="ColorGridRow__GridWrapper-sc-52zaxc-1 XIwEi"
    >
      <div
        class="ColorGridRow__Shader-sc-52zaxc-0 JSPVu"
      >
        Yellow
      </div>
      <div
        class="ColorGridRow__Shader-sc-52zaxc-0 hjEYVV"
      >
         
      </div>
      <div
        class="ColorGridRow__Shader-sc-52zaxc-0 gGTMfG"
      >
         
      </div>
      <div
        class="ColorGridRow__Shader-sc-52zaxc-0 fkfCgY"
      >
         
      </div>
      <div
        class="ColorGridRow__Shader-sc-52zaxc-0 khuCFf"
      >
         
      </div>
      <div
        class="ColorGridRow__Shader-sc-52zaxc-0 iCDpPx"
      >
         
      </div>
      <div
        class="ColorGridRow__Shader-sc-52zaxc-0 efEwJV"
      >
         
      </div>
      <div
        class="ColorGridRow__Shader-sc-52zaxc-0 kmXneU"
      >
         
      </div>
      <div
        class="ColorGridRow__Shader-sc-52zaxc-0 cLiBtV"
      >
         
      </div>
      <div
        class="ColorGridRow__Shader-sc-52zaxc-0 gVjhDE"
      >
         
      </div>
    </div>
    <div
      class="ColorGridRow__GridWrapper-sc-52zaxc-1 XIwEi"
    >
      <div
        class="ColorGridRow__Shader-sc-52zaxc-0 eBKNjN"
      >
        Red
      </div>
      <div
        class="ColorGridRow__Shader-sc-52zaxc-0 jtXavZ"
      >
         
      </div>
      <div
        class="ColorGridRow__Shader-sc-52zaxc-0 fSrmO"
      >
         
      </div>
      <div
        class="ColorGridRow__Shader-sc-52zaxc-0 bYWgNC"
      >
         
      </div>
      <div
        class="ColorGridRow__Shader-sc-52zaxc-0 kPNUVU"
      >
         
      </div>
      <div
        class="ColorGridRow__Shader-sc-52zaxc-0 hOkZhO"
      >
         
      </div>
      <div
        class="ColorGridRow__Shader-sc-52zaxc-0 fcfXqD"
      >
         
      </div>
      <div
        class="ColorGridRow__Shader-sc-52zaxc-0 dvFUcI"
      >
         
      </div>
      <div
        class="ColorGridRow__Shader-sc-52zaxc-0 cjZEXS"
      >
         
      </div>
      <div
        class="ColorGridRow__Shader-sc-52zaxc-0 hnAoEG"
      >
         
      </div>
    </div>
    <div
      class="ColorGridRow__GridWrapper-sc-52zaxc-1 XIwEi"
    >
      <div
        class="ColorGridRow__Shader-sc-52zaxc-0 nPNHe"
      >
        Gray
      </div>
      <div
        class="ColorGridRow__Shader-sc-52zaxc-0 jKeXVG"
      >
         
      </div>
      <div
        class="ColorGridRow__Shader-sc-52zaxc-0 cKznKp"
      >
         
      </div>
      <div
        class="ColorGridRow__Shader-sc-52zaxc-0 fkHaqd"
      >
         
      </div>
      <div
        class="ColorGridRow__Shader-sc-52zaxc-0 kDyOia"
      >
         
      </div>
      <div
        class="ColorGridRow__Shader-sc-52zaxc-0 bGSCUs"
      >
         
      </div>
      <div
        class="ColorGridRow__Shader-sc-52zaxc-0 bxHVDS"
      >
         
      </div>
      <div
        class="ColorGridRow__Shader-sc-52zaxc-0 fCOHpl"
      >
         
      </div>
      <div
        class="ColorGridRow__Shader-sc-52zaxc-0 izQrAZ"
      >
         
      </div>
      <div
        class="ColorGridRow__Shader-sc-52zaxc-0 hEoXrs"
      >
         
      </div>
    </div>
  </section>
</div>
`;
