// Jest Snapshot v1, https://goo.gl/fbAQLP

exports[`ColorGridRow should render a single ColorGridRow 1`] = `
<div>
  <div
    class="ColorGridRow__GridWrapper-sc-52zaxc-1 XIwEi"
  >
    <div
      class="ColorGridRow__Shader-sc-52zaxc-0 gjwwCp"
    >
      Blue
    </div>
    <div
      class="ColorGridRow__Shader-sc-52zaxc-0 jIkrIE"
    >
       
    </div>
    <div
      class="ColorGridRow__Shader-sc-52zaxc-0 kBeRkZ"
    >
       
    </div>
    <div
      class="ColorGridRow__Shader-sc-52zaxc-0 jkUHsn"
    >
       
    </div>
    <div
      class="ColorGridRow__Shader-sc-52zaxc-0 idPTQO"
    >
       
    </div>
    <div
      class="ColorGridRow__Shader-sc-52zaxc-0 eQyfom"
    >
       
    </div>
    <div
      class="ColorGridRow__Shader-sc-52zaxc-0 bYkApT"
    >
       
    </div>
    <div
      class="ColorGridRow__Shader-sc-52zaxc-0 kXVknr"
    >
       
    </div>
    <div
      class="ColorGridRow__Shader-sc-52zaxc-0 fMznbK"
    >
       
    </div>
    <div
      class="ColorGridRow__Shader-sc-52zaxc-0 daaLyq"
    >
       
    </div>
  </div>
</div>
`;
